<h1>Hello World!</h1>
<h6>Bye World!</h6>
<footer>I'm a footer</footer>
