<h4>I'm Water and I contain:</h4>
<p>I'm Hydrogen</p>
<p>I'm Hydrogen</p>
<p>I'm Oxygen</p>
